
Allocating common symbols
Common symbol       size              file

isr_table           0x80              soc-hw.o
tic_msec            0x4               soc-hw.o

Memory Configuration

Name             Origin             Length             Attributes
ram              0x0000000000000000 0x0000000010000000
*default*        0x0000000000000000 0xffffffffffffffff

Linker script and memory map

                0x0000000000000000                __DYNAMIC = 0x0
                0x0000000000000000                _RAM_START = 0x0
                0x0000000010000000                _RAM_SIZE = 0x10000000
                0x0000000010000000                _RAM_END = (_RAM_START + _RAM_SIZE)

.text           0x0000000000000000      0x738
                0x0000000000000000                _ftext = .
 *(.text .stub .text.* .gnu.linkonce.t.*)
 .text          0x0000000000000000      0x208 crt0ram.o
                0x0000000000000000                _start
                0x0000000000000140                irq_enable
                0x000000000000014c                irq_disable
                0x0000000000000158                irq_set_mask
                0x0000000000000160                irq_get_mask
                0x0000000000000168                jump
                0x000000000000016c                halt
                0x00000000000001f8                get_sp
                0x0000000000000200                get_gp
 .text          0x0000000000000208      0x15c main.o
                0x0000000000000208                main
 .text          0x0000000000000364      0x3d4 soc-hw.o
                0x0000000000000364                isr_null
                0x0000000000000368                tic_isr_0
                0x00000000000003c8                tic_isr_1
                0x00000000000003f4                prueba
                0x0000000000000468                irq_handler
                0x00000000000004cc                isr_init
                0x00000000000004f0                isr_register
                0x0000000000000508                isr_unregister
                0x0000000000000528                msleep
                0x0000000000000564                nsleep
                0x0000000000000594                tic_isr
                0x00000000000005c0                tic_init
                0x0000000000000650                conf_per
                0x0000000000000670                conf_util
                0x0000000000000688                uart_init
                0x000000000000068c                uart_getchar
                0x00000000000006b0                uart_putchar
                0x00000000000006d4                uart_putstr
                0x0000000000000708                gpio_test
                0x0000000000000720                gpio_output
                0x0000000000000738                _etext = .

.rodata         0x0000000000000738        0x4
                0x0000000000000738                . = ALIGN (0x4)
                0x0000000000000738                _frodata = .
 *(.rodata .rodata.* .gnu.linkonce.r.*)
 .rodata.cst4   0x0000000000000738        0x4 soc-hw.o
                                          0xc (size before relaxing)
 *(.rodata1)
                0x000000000000073c                _erodata = .

.data           0x000000000000073c      0x9ec
                0x000000000000073c                . = ALIGN (0x4)
                0x000000000000073c                _fdata = .
 *(.data .data.* .gnu.linkonce.d.*)
 .data          0x000000000000073c        0x0 crt0ram.o
 .data          0x000000000000073c      0x7d0 main.o
                0x000000000000073c                sen
 .data          0x0000000000000f0c      0x21c soc-hw.o
                0x0000000000000f0c                uart0
                0x0000000000000f10                timer0
                0x0000000000000f14                gpio0
                0x0000000000000f18                spi0
                0x0000000000000f1c                pwm_d
 *(.data1)
                0x0000000000001130                _gp = ALIGN (0x10)
 *(.sdata .sdata.* .gnu.linkonce.s.*)
                0x0000000000001128                _edata = .

.bss            0x0000000000001128       0x8c
                0x0000000000001128                . = ALIGN (0x4)
                0x0000000000001128                _fbss = .
 *(.dynsbss)
 *(.sbss .sbss.* .gnu.linkonce.sb.*)
 *(.scommon)
 *(.dynbss)
 *(.bss .bss.* .gnu.linkonce.b.*)
 .bss           0x0000000000001128        0x0 crt0ram.o
 .bss           0x0000000000001128        0x0 main.o
 .bss           0x0000000000001128        0x8 soc-hw.o
                0x0000000000001128                pwm_p
                0x000000000000112c                mode
 *(COMMON)
 COMMON         0x0000000000001130       0x84 soc-hw.o
                0x0000000000001130                isr_table
                0x00000000000011b0                tic_msec
                0x00000000000011b4                _ebss = .
                0x00000000000011b4                _end = .
                0x000000000ffffffc                PROVIDE (_fstack, ((ORIGIN (ram) + 0x10000000) - 0x4))
LOAD crt0ram.o
LOAD main.o
LOAD soc-hw.o
OUTPUT(image elf32-lm32)

.debug_abbrev   0x0000000000000000      0x3d1
 .debug_abbrev  0x0000000000000000       0xf9 main.o
 .debug_abbrev  0x00000000000000f9      0x2d8 soc-hw.o

.debug_info     0x0000000000000000      0x86b
 .debug_info    0x0000000000000000      0x195 main.o
 .debug_info    0x0000000000000195      0x6d6 soc-hw.o

.debug_line     0x0000000000000000      0x704
 .debug_line    0x0000000000000000      0x207 main.o
 .debug_line    0x0000000000000207      0x4fd soc-hw.o

.debug_frame    0x0000000000000000      0x170
 .debug_frame   0x0000000000000000       0x20 main.o
 .debug_frame   0x0000000000000020      0x150 soc-hw.o

.debug_loc      0x0000000000000000      0x1db
 .debug_loc     0x0000000000000000       0x8e main.o
 .debug_loc     0x000000000000008e      0x14d soc-hw.o

.debug_pubnames
                0x0000000000000000      0x1b2
 .debug_pubnames
                0x0000000000000000       0x23 main.o
 .debug_pubnames
                0x0000000000000023      0x18f soc-hw.o

.debug_pubtypes
                0x0000000000000000       0x8f
 .debug_pubtypes
                0x0000000000000000       0x36 main.o
 .debug_pubtypes
                0x0000000000000036       0x59 soc-hw.o

.debug_aranges  0x0000000000000000       0x40
 .debug_aranges
                0x0000000000000000       0x20 main.o
 .debug_aranges
                0x0000000000000020       0x20 soc-hw.o

.debug_str      0x0000000000000000      0x25b
 .debug_str     0x0000000000000000       0xc2 main.o
                                         0xce (size before relaxing)
 .debug_str     0x00000000000000c2      0x199 soc-hw.o
                                        0x24b (size before relaxing)

.comment        0x0000000000000000       0x11
 .comment       0x0000000000000000       0x11 main.o
                                         0x12 (size before relaxing)
 .comment       0x0000000000000000       0x12 soc-hw.o

.debug_ranges   0x0000000000000000       0xb8
 .debug_ranges  0x0000000000000000       0xb8 soc-hw.o
